// Jest Snapshot v1, https://goo.gl/fbAQLP

exports[`<Authentication /> renders correctly 1`] = `
<View
  style={
    Array [
      Object {
        "alignItems": "center",
        "height": "100%",
        "justifyContent": "center",
      },
    ]
  }
>
  <View
    style={
      Array [
        Object {
          "height": 80,
          "width": 80,
        },
      ]
    }
  >
    <View
      style={
        Array [
          Object {
            "width": "100%",
          },
        ]
      }
    >
      <Text>
        Login
      </Text>
      <TextInput
        allowFontScaling={true}
        onChangeText={[Function]}
        rejectResponderTermination={true}
        style={
          Array [
            Object {
              "borderColor": "gray",
              "borderRadius": 3,
              "borderWidth": 1,
            },
          ]
        }
        underlineColorAndroid="transparent"
        value=""
      />
    </View>
    <View
      style={
        Array [
          Object {
            "width": "100%",
          },
        ]
      }
    >
      <Text>
        Password
      </Text>
      <TextInput
        allowFontScaling={true}
        onChangeText={[Function]}
        password={true}
        rejectResponderTermination={true}
        style={
          Array [
            Object {
              "borderColor": "gray",
              "borderRadius": 3,
              "borderWidth": 1,
            },
          ]
        }
        underlineColorAndroid="transparent"
      />
    </View>
    <View
      style={
        Array [
          Object {
            "width": "100%",
          },
        ]
      }
    >
      <View
        accessibilityRole="button"
        accessibilityStates={Array []}
        accessible={true}
        isTVSelectable={true}
        onResponderGrant={[Function]}
        onResponderMove={[Function]}
        onResponderRelease={[Function]}
        onResponderTerminate={[Function]}
        onResponderTerminationRequest={[Function]}
        onStartShouldSetResponder={[Function]}
        style={
          Object {
            "opacity": 1,
          }
        }
      >
        <View
          style={
            Array [
              Object {},
            ]
          }
        >
          <Text
            style={
              Array [
                Object {
                  "color": "#007AFF",
                  "fontSize": 18,
                  "padding": 8,
                  "textAlign": "center",
                },
              ]
            }
          >
            Submit
          </Text>
        </View>
      </View>
    </View>
  </View>
</View>
`;
